---
source: src/lib.rs
expression: res
---
"  0 | // test 1 \n  1 |         // test 2\n  2 |         fn main() {\n> 3 |             println!(\"Hello, world!\");\n    |     ^^^^^^^^^^^^^^^^^^^^^^^^^^^^^^^^^^ \n> 4 |             println!(\"Hello, world!\");\n    | ^^^^^^^^^^^ \n  5 |         }\n  6 |         // test 3\n  7 |         // test 4\n  8 |         // test 5"

