---
source: src/lib.rs
expression: res
---
"> 0 | println!(\"Hello, world!\")\n    | ^^^^^^^ "

